// Jest Snapshot v1, https://goo.gl/fbAQLP

exports[`Type should match snapshot 1`] = `
<div
  className="type-container"
>
  <h1
    className="fire"
  >
    fire
  </h1>
</div>
`;
