// Jest Snapshot v1, https://goo.gl/fbAQLP

exports[`Popup should match snapshot 1`] = `
<article
  className="popup-container"
/>
`;
